// Jest Snapshot v1, https://goo.gl/fbAQLP

exports[`CartItem component it matches the snapshot 1`] = `
<footer
  className="footer"
>
  <span
    className="footer__copyright"
  >
    © AUTO1 Group 2018
  </span>
</footer>
`;

exports[`Footer component it matches the snapshot 1`] = `
<footer
  className="footer"
>
  <span
    className="footer__copyright"
  >
    © AUTO1 Group 2018
  </span>
</footer>
`;
