// Jest Snapshot v1, https://goo.gl/fbAQLP

exports[`Paginator component it matches the snapshot 1`] = `
<ul
  className="paginator"
>
  <li
    className="paginator__item"
  >
    <a
      className="link"
      onClick={[Function]}
    >
      First
    </a>
  </li>
  <li
    className="paginator__item"
  >
    <a
      className="link"
      onClick={[Function]}
    >
      Previuos
    </a>
  </li>
  <li
    className="paginator__item"
  >
    <span>
      Page 2 of 10
    </span>
  </li>
  <li
    className="paginator__item"
  >
    <a
      className="link"
      onClick={[Function]}
    >
      Next
    </a>
  </li>
  <li
    className="paginator__item"
  >
    <a
      className="link"
      onClick={[Function]}
    >
      Last
    </a>
  </li>
</ul>
`;

exports[`Select component it matches the snapshot 1`] = `
<div
  className="select-container select"
>
  <span
    className="select-container__label"
  >
    difficulty
  </span>
  <div
    className="react-select-container css-2b097c-container"
    onKeyDown={[Function]}
  >
    <div
      className="react-select__control css-yk16xz-control"
      onMouseDown={[Function]}
      onTouchEnd={[Function]}
    >
      <div
        className="react-select__value-container react-select__value-container--has-value css-1hwfws3"
      >
        <div
          className="react-select__single-value css-1uccc91-singleValue"
        >
          easy
        </div>
        <input
          className="css-62g3xt-dummyInput"
          disabled={false}
          id="react-select-2-input"
          onBlur={[Function]}
          onChange={[Function]}
          onFocus={[Function]}
          readOnly={true}
          tabIndex="0"
          value=""
        />
      </div>
      <div
        className="react-select__indicators css-1wy0on6"
      >
        <span
          className="react-select__indicator-separator css-1okebmr-indicatorSeparator"
        />
        <div
          aria-hidden="true"
          className="react-select__indicator react-select__dropdown-indicator css-tlfecz-indicatorContainer"
          onMouseDown={[Function]}
          onTouchEnd={[Function]}
        >
          <svg
            aria-hidden="true"
            className="css-19bqh2r"
            focusable="false"
            height={20}
            viewBox="0 0 20 20"
            width={20}
          >
            <path
              d="M4.516 7.548c0.436-0.446 1.043-0.481 1.576 0l3.908 3.747 3.908-3.747c0.533-0.481 1.141-0.446 1.574 0 0.436 0.445 0.408 1.197 0 1.615-0.406 0.418-4.695 4.502-4.695 4.502-0.217 0.223-0.502 0.335-0.787 0.335s-0.57-0.112-0.789-0.335c0 0-4.287-4.084-4.695-4.502s-0.436-1.17 0-1.615z"
            />
          </svg>
        </div>
      </div>
    </div>
  </div>
</div>
`;
